============================================================
  HFT MEAN-REVERSION MULTI-TIMEFRAME BACKTEST  
============================================================

[1] Loading cached data: data/synthetic_1m.csv
    Bars: 20,000  |  price 4–227

[2] Pre-computing indicators …
    Valid bars: 19,981

[3] Baseline run …
    Sharpe=1.6640  |  Trades=233

[4] Baseline already meets target Sharpe 1.5.

[5] Final backtest …

══════════════════════════════════════════════════════════
  PERFORMANCE METRICS
══════════════════════════════════════════════════════════
  Start                                  2024-01-01 00:19:00
  End                                    2024-01-14 21:19:00
  Duration                               13 days 21:00:00
  Equity Final [$]                        128452.0109
  Equity Peak [$]                         130466.2268
  Return [%]                                  28.4520
  Buy & Hold Return [%]                      -53.5424
  Return (Ann.) [%]                        68986.6216
  Volatility (Ann.) [%]                    41458.3385
  Sharpe Ratio                                 1.6640
  Sortino Ratio                             9811.3969
  Calmar Ratio                             23719.8804
  Max. Drawdown [%]                           -2.9084
  Avg. Drawdown [%]                           -0.4442
  Max. Drawdown Duration                 3 days 01:37:00
  Avg. Drawdown Duration                 0 days 04:58:00
  # Trades                                        233
  Win Rate [%]                                62.2318
  Best Trade [%]                              24.3862
  Worst Trade [%]                            -25.1394
  Avg. Trade [%]                               0.3752
  Max. Trade Duration                    0 days 00:14:00
  Avg. Trade Duration                    0 days 00:03:00
  Profit Factor                                1.8713
  Expectancy [%]                               0.4550
  SQN                                          3.1038
══════════════════════════════════════════════════════════

──────────────────────────────────────────────────────────────────────────────────────────
  TRADE EXECUTION LOG  (showing first 40 of 233 trades)
──────────────────────────────────────────────────────────────────────────────────────────
             EntryTime            ExitTime  EntryPrice   ExitPrice         PnL ReturnPct        Duration
0  2024-01-01 05:04:00 2024-01-01 05:05:00  100.664708  100.694931       $2.00    0.010% 0 days 00:01:00
1  2024-01-01 06:32:00 2024-01-01 06:33:00  103.621924  103.482315     $-30.94   -0.155% 0 days 00:01:00
2  2024-01-01 16:19:00 2024-01-01 16:20:00   87.823007   87.798354      $-9.58   -0.048% 0 days 00:01:00
3  2024-01-02 03:28:00 2024-01-02 03:29:00   79.837089   80.313407     $115.08    0.577% 0 days 00:01:00
4  2024-01-02 03:43:00 2024-01-02 03:44:00   80.042750   79.852011     $-51.68   -0.258% 0 days 00:01:00
5  2024-01-02 04:58:00 2024-01-02 05:00:00   80.771517   81.255047     $115.43    0.579% 0 days 00:02:00
6  2024-01-02 06:22:00 2024-01-02 06:23:00   82.167706   81.700405    $-117.54   -0.589% 0 days 00:01:00
7  2024-01-02 06:51:00 2024-01-02 06:52:00   81.629106   81.706582      $14.98    0.075% 0 days 00:01:00
8  2024-01-02 08:14:00 2024-01-02 08:15:00   89.386822   89.548156      $31.99    0.160% 0 days 00:01:00
9  2024-01-02 08:40:00 2024-01-02 08:42:00   92.316071   91.706983    $-135.54   -0.680% 0 days 00:02:00
10 2024-01-02 10:29:00 2024-01-02 10:34:00   92.935841   94.100886     $246.46    1.233% 0 days 00:05:00
11 2024-01-02 10:54:00 2024-01-02 10:57:00   97.655730   97.044034    $-129.39   -0.646% 0 days 00:03:00
12 2024-01-02 10:58:00 2024-01-02 10:59:00   96.934174   96.853353     $-20.64   -0.103% 0 days 00:01:00
13 2024-01-02 12:09:00 2024-01-02 12:10:00   98.419631   97.706303    $-148.79   -0.745% 0 days 00:01:00
14 2024-01-02 12:43:00 2024-01-02 12:44:00  103.162264  103.942911     $146.67    0.737% 0 days 00:01:00
15 2024-01-02 12:45:00 2024-01-02 12:49:00  103.567515  105.082132     $288.29    1.442% 0 days 00:04:00
16 2024-01-02 13:51:00 2024-01-02 13:52:00  103.577455  102.684544    $-176.31   -0.882% 0 days 00:01:00
17 2024-01-02 14:16:00 2024-01-02 14:18:00  102.516522  103.065269     $103.00    0.515% 0 days 00:02:00
18 2024-01-02 16:19:00 2024-01-02 16:20:00  105.401311  105.614048      $36.41    0.182% 0 days 00:01:00
19 2024-01-02 20:11:00 2024-01-02 20:12:00   99.395342   99.334229     $-16.28   -0.081% 0 days 00:01:00
20 2024-01-02 20:18:00 2024-01-02 20:19:00   98.936272   98.917546      $-7.78   -0.039% 0 days 00:01:00
21 2024-01-02 22:08:00 2024-01-02 22:12:00   98.497252   98.332938     $-37.35   -0.187% 0 days 00:04:00
22 2024-01-02 22:53:00 2024-01-02 22:55:00   98.085797   98.462528      $72.84    0.364% 0 days 00:02:00
23 2024-01-03 02:13:00 2024-01-03 02:14:00   85.859384   86.135765      $60.39    0.302% 0 days 00:01:00
24 2024-01-03 05:06:00 2024-01-03 05:07:00  128.907841  134.619293     $392.27    4.410% 0 days 00:01:00
25 2024-01-03 06:35:00 2024-01-03 06:36:00   56.304384   49.661887  $-1,057.84  -11.816% 0 days 00:01:00
26 2024-01-03 06:37:00 2024-01-03 06:39:00   50.578772   54.115818   $1,361.26    6.972% 0 days 00:02:00
27 2024-01-03 07:24:00 2024-01-03 07:27:00   46.526379   49.713829   $1,379.18    6.830% 0 days 00:03:00
28 2024-01-03 07:33:00 2024-01-03 07:38:00   53.943456   60.022990   $1,790.10   11.249% 0 days 00:05:00
29 2024-01-03 10:33:00 2024-01-03 10:34:00   42.945540   42.417138    $-260.42   -1.250% 0 days 00:01:00
30 2024-01-03 11:43:00 2024-01-03 11:44:00   43.398996   43.416467       $4.21    0.020% 0 days 00:01:00
31 2024-01-03 11:57:00 2024-01-03 12:03:00   43.818883   44.096009     $127.19    0.612% 0 days 00:06:00
32 2024-01-03 12:20:00 2024-01-03 12:28:00   45.469613   46.267306     $360.35    1.734% 0 days 00:08:00
33 2024-01-03 12:42:00 2024-01-03 12:44:00   47.012769   46.712623    $-137.43   -0.658% 0 days 00:02:00
34 2024-01-03 15:10:00 2024-01-03 15:13:00   45.383865   45.467307      $34.13    0.164% 0 days 00:03:00
35 2024-01-03 17:53:00 2024-01-03 17:55:00   44.888624   44.959949      $28.93    0.139% 0 days 00:02:00
36 2024-01-03 17:56:00 2024-01-03 18:01:00   44.836473   45.046862      $93.65    0.449% 0 days 00:05:00
37 2024-01-03 18:04:00 2024-01-03 18:05:00   44.981542   44.955024     $-16.48   -0.079% 0 days 00:01:00
38 2024-01-03 21:16:00 2024-01-03 21:17:00   45.426416   45.420405      $-6.93   -0.033% 0 days 00:01:00
39 2024-01-03 21:19:00 2024-01-03 21:21:00   45.318289   45.355337      $12.87    0.062% 0 days 00:02:00
──────────────────────────────────────────────────────────────────────────────────────────

  Trade log → results/trade_log.csv  (233 trades)

[SUMMARY]
  Sharpe Ratio : 1.6640
  Return       : 28.45%
  Max Drawdown : -2.91%
  Total Trades : 233
  Win Rate     : 62.2%
  Best params  → results/best_params.json
